[    0.000000] Linux version 4.15.0-50-generic (buildd@lcy01-amd64-013) (gcc version 7.3.0 (Ubuntu 7.3.0-16ubuntu3)) #54-Ubuntu SMP Mon May 6 18:46:08 UTC 2019 (Ubuntu 4.15.0-50.54-generic 4.15.18)
[    0.000000] Command line: BOOT_IMAGE=/boot/vmlinuz-4.15.0-50-generic root=LABEL=cloudimg-rootfs ro console=tty1 console=ttyS0
[    0.000000] KERNEL supported cpus:
[    0.000000]   Intel GenuineIntel
[    0.000000]   AMD AuthenticAMD
[    0.000000]   Centaur CentaurHauls
[    0.000000] x86/fpu: Supporting XSAVE feature 0x001: 'x87 floating point registers'
[    0.000000] x86/fpu: Supporting XSAVE feature 0x002: 'SSE registers'
[    0.000000] x86/fpu: Supporting XSAVE feature 0x004: 'AVX registers'
[    0.000000] x86/fpu: xstate_offset[2]:  576, xstate_sizes[2]:  256
[    0.000000] x86/fpu: Enabled xstate features 0x7, context size is 832 bytes, using 'standard' format.
[    0.000000] e820: BIOS-provided physical RAM map:
[    0.000000] BIOS-e820: [mem 0x0000000000000000-0x000000000009fbff] usable
[    0.000000] BIOS-e820: [mem 0x000000000009fc00-0x000000000009ffff] reserved
[    0.000000] BIOS-e820: [mem 0x00000000000f0000-0x00000000000fffff] reserved
[    0.000000] BIOS-e820: [mem 0x0000000000100000-0x000000003ffeffff] usable
[    0.000000] BIOS-e820: [mem 0x000000003fff0000-0x000000003fffffff] ACPI data
[    0.000000] BIOS-e820: [mem 0x00000000fec00000-0x00000000fec00fff] reserved
[    0.000000] BIOS-e820: [mem 0x00000000fee00000-0x00000000fee00fff] reserved
[    0.000000] BIOS-e820: [mem 0x00000000fffc0000-0x00000000ffffffff] reserved
[    0.000000] NX (Execute Disable) protection: active
[    0.000000] SMBIOS 2.5 present.
[    0.000000] DMI: innotek GmbH VirtualBox/VirtualBox, BIOS VirtualBox 12/01/2006
[    0.000000] Hypervisor detected: KVM
[    0.000000] e820: last_pfn = 0x3fff0 max_arch_pfn = 0x400000000
[    0.000000] MTRR: Disabled
[    0.000000] x86/PAT: MTRRs disabled, skipping PAT initialization too.
[    0.000000] CPU MTRRs all blank - virtualized system.
[    0.000000] x86/PAT: Configuration [0-7]: WB  WT  UC- UC  WB  WT  UC- UC  
[    0.000000] found SMP MP-table at [mem 0x0009fff0-0x0009ffff] mapped at [        (ptrval)]
[    0.000000] Scanning 1 areas for low memory corruption
[    0.000000] RAMDISK: [mem 0x35adb000-0x36d64fff]
[    0.000000] ACPI: Early table checksum verification disabled
[    0.000000] ACPI: RSDP 0x00000000000E0000 000024 (v02 VBOX  )
[    0.000000] ACPI: XSDT 0x000000003FFF0030 00003C (v01 VBOX   VBOXXSDT 00000001 ASL  00000061)
[    0.000000] ACPI: FACP 0x000000003FFF00F0 0000F4 (v04 VBOX   VBOXFACP 00000001 ASL  00000061)
[    0.000000] ACPI: DSDT 0x000000003FFF0470 0021FF (v02 VBOX   VBOXBIOS 00000002 INTL 20180105)
[    0.000000] ACPI: FACS 0x000000003FFF0200 000040
[    0.000000] ACPI: FACS 0x000000003FFF0200 000040
[    0.000000] ACPI: APIC 0x000000003FFF0240 00005C (v02 VBOX   VBOXAPIC 00000001 ASL  00000061)
[    0.000000] ACPI: SSDT 0x000000003FFF02A0 0001CC (v01 VBOX   VBOXCPUT 00000002 INTL 20180105)
[    0.000000] No NUMA configuration found
[    0.000000] Faking a node at [mem 0x0000000000000000-0x000000003ffeffff]
[    0.000000] NODE_DATA(0) allocated [mem 0x3ffc5000-0x3ffeffff]
[    0.000000] kvm-clock: cpu 0, msr 0:3ff44001, primary cpu clock
[    0.000000] kvm-clock: Using msrs 4b564d01 and 4b564d00
[    0.000000] kvm-clock: using sched offset of 3196502680 cycles
[    0.000000] clocksource: kvm-clock: mask: 0xffffffffffffffff max_cycles: 0x1cd42e4dffb, max_idle_ns: 881590591483 ns
[    0.000000] Zone ranges:
[    0.000000]   DMA      [mem 0x0000000000001000-0x0000000000ffffff]
[    0.000000]   DMA32    [mem 0x0000000001000000-0x000000003ffeffff]
[    0.000000]   Normal   empty
[    0.000000]   Device   empty
[    0.000000] Movable zone start for each node
[    0.000000] Early memory node ranges
[    0.000000]   node   0: [mem 0x0000000000001000-0x000000000009efff]
[    0.000000]   node   0: [mem 0x0000000000100000-0x000000003ffeffff]
[    0.000000] Reserved but unavailable: 114 pages
[    0.000000] Initmem setup node 0 [mem 0x0000000000001000-0x000000003ffeffff]
[    0.000000] ACPI: PM-Timer IO Port: 0x4008
[    0.000000] IOAPIC[0]: apic_id 2, version 32, address 0xfec00000, GSI 0-23
[    0.000000] ACPI: IT_SRC_OVR (bus 0 bus_irq 0 global_irq 2 dfl dfl)
[    0.000000] ACPI: INT_SRC_OVR (bus 0 bus_irq 9 global_irq 9 low level)
[    0.000000] Using ACPI (MADT) for SMP configuration information
[    0.000000] smpboot: Allowing 2 CPUs, 0 hotplug CPUs
[    0.000000] PM: Registered nosave memory: [mem 0x00000000-0x00000fff]
[    0.000000] PM: Registered nosave memory: [mem 0x0009f000-0x0009ffff]
[    0.000000] PM: Registered nosave memory: [mem 0x000a0000-0x000effff]
[    0.000000] PM: Registered nosave memory: [mem 0x000f0000-0x000fffff]
[    0.000000] e820: [mem 0x40000000-0xfebfffff] available for PCI devices
[    0.000000] Booting paravirtualized kernel on KVM
[    0.000000] clocksource: refined-jiffies: mask: 0xffffffff max_cycles: 0xffffffff, max_idle_ns: 7645519600211568 ns
[    0.000000] random: get_random_bytes called from start_kernel+0x99/0x4fd with crng_init=0
[    0.000000] setup_percpu: NR_CPUS:8192 nr_cpumask_bits:2 nr_cpu_ids:2 nr_node_ids:1
[    0.000000] percpu: Embedded 46 pages/cpu @        (ptrval) s151552 r8192 d28672 u1048576
[    0.000000] PV qspinlock hash table entries: 256 (order: 0, 4096 bytes)
[    0.000000] Built 1 zonelists, mobility grouping on.  Total pages: 257913
[    0.000000] Policy zone: DMA32
[    0.000000] Kernel command line: BOOT_IMAGE=/boot/vmlinuz-4.15.0-50-generic root=LABEL=cloudimg-rootfs ro console=tty1 console=ttyS0
[    0.000000] Memory: 983592K/1048120K available (12300K kernel code, 2474K rwdata, 4276K rodata, 2412K init, 2416K bss, 64528K reserved, 0K cma-reserved)
[    0.000000] SLUB: HWalign=64, Order=0-3, MinObjects=0, CPUs=2, Nodes=1
[    0.000000] Kernel/User page tables isolation: enabled
[    0.000000] ftrace: allocating 39233 entries in 154 pages
[    0.004000] Hierarchical RCU implementation.
[    0.004000] 	RCU restricting CPUs from NR_CPUS=8192 to nr_cpu_ids=2.
[    0.004000] 	Tasks RCU enabled.
[    0.004000] RCU: Adjusting geometry for rcu_fanout_leaf=16, nr_cpu_ids=2
[    0.004000] NR_IRQS: 524544, nr_irqs: 440, preallocated irqs: 16
[    0.004000] Console: colour VGA+ 80x25
[    0.004000] console [tty1] enabled
[    0.004000] console [ttyS0] enabled
[    0.004000] ACPI: Core revision 20170831
[    0.004000] ACPI: 2 ACPI AML tables successfully acquired and loaded
[    0.004000] APIC: Switch to symmetric I/O mode setup
[    0.004000] x2apic enabled
[    0.004000] Switched APIC routing to physical x2apic.
[    0.004000] ..TIMER: vector=0x30 apic1=0 pin1=2 apic2=-1 pin2=-1
[    0.004000] tsc: Detected 3199.070 MHz processor
[    0.004000] Calibrating delay loop (skipped) preset value.. 6398.14 BogoMIPS (lpj=12796280)
[    0.004004] pid_max: default: 32768 minimum: 301
[    0.004541] Security Framework initialized
[    0.004999] Yama: becoming mindful.
[    0.005446] AppArmor: AppArmor initialized
[    0.006406] Dentry cache hash table entries: 131072 (order: 8, 1048576 bytes)
[    0.008016] Inode-cache hash table entries: 65536 (order: 7, 524288 bytes)
[    0.008899] Mount-cache hash table entries: 2048 (order: 2, 16384 bytes)
[    0.009685] Mountpoint-cache hash table entries: 2048 (order: 2, 16384 bytes)
[    0.010670] mce: CPU supports 0 MCE banks
[    0.011175] Last level iTLB entries: 4KB 1024, 2MB 1024, 4MB 1024
[    0.011869] Last level dTLB entries: 4KB 1024, 2MB 1024, 4MB 1024, 1GB 4
[    0.012003] Spectre V2 : Mitigation: Full generic retpoline
[    0.012648] Spectre V2 : Spectre v2 / SpectreRSB mitigation: Filling RSB on context switch
[    0.013598] Speculative Store Bypass: Vulnerable
[    0.014191] MDS: Vulnerable: Clear CPU buffers attempted, no microcode
[    0.014985] Freeing SMP alternatives memory: 36K
[    0.020000] smpboot: CPU0: Intel(R) Core(TM) i7-4790S CPU @ 3.20GHz (family: 0x6, model: 0x3c, stepping: 0x3)
[    0.020000] Performance Events: unsupported p6 CPU model 60 no PMU driver, software events only.
[    0.020000] Hierarchical SRCU implementation.
[    0.020000] NMI watchdog: Perf event create on CPU 0 failed with -2
[    0.020003] NMI watchdog: Perf NMI watchdog permanently disabled
[    0.020995] smp: Bringing up secondary CPUs ...
[    0.021890] x86: Booting SMP configuration:
[    0.022600] .... node  #0, CPUs:      #1
[    0.004000] kvm-clock: cpu 1, msr 0:3ff44041, secondary cpu clock
[    0.004000] mce: CPU supports 0 MCE banks
[    0.026626] smp: Brought up 1 node, 2 CPUs
[    0.026626] smpboot: Max logical packages: 1
[    0.026626] smpboot: Total of 2 processors activated (12796.28 BogoMIPS)
[    0.028117] devtmpfs: initialized
[    0.028432] x86/mm: Memory block size: 128MB
[    0.029097] evm: security.selinux
[    0.029484] evm: security.SMACK64
[    0.029868] evm: security.SMACK64EXEC
[    0.030298] evm: security.SMACK64TRANSMUTE
[    0.030754] evm: security.SMACK64MMAP
[    0.031170] evm: security.apparmor
[    0.032002] evm: security.ima
[    0.032422] evm: security.capability
[    0.032855] clocksource: jiffies: mask: 0xffffffff max_cycles: 0xffffffff, max_idle_ns: 7645041785100000 ns
[    0.033083] futex hash table entries: 512 (order: 3, 32768 bytes)
[    0.036047] pinctrl core: initialized pinctrl subsystem
[    0.037156] RTC time: 14:18:29, date: 05/24/19
[    0.037804] NET: Registered protocol family 16
[    0.038407] audit: initializing netlink subsys (disabled)
[    0.039072] audit: type=2000 audit(1558707513.532:1): state=initialized audit_enabled=0 res=1
[    0.040007] cpuidle: using governor ladder
[    0.040510] cpuidle: using governor menu
[    0.041038] ACPI: bus type PCI registered
[    0.041521] acpiphp: ACPI Hot Plug PCI Controller Driver version: 0.5
[    0.042319] PCI: Using configuration type 1 for base access
[    0.044199] HugeTLB registered 2.00 MiB page size, pre-allocated 0 pages
[    0.044855] ACPI: Added _OSI(Module Device)
[    0.044855] ACPI: Added _OSI(Processor Device)
[    0.045101] ACPI: Added _OSI(3.0 _SCP Extensions)
[    0.045664] ACPI: Added _OSI(Processor Aggregator Device)
[    0.046298] ACPI: Added _OSI(Linux-Dell-Video)
[    0.048005] ACPI: Added _OSI(Linux-Lenovo-NV-HDMI-Audio)
[    0.048742] ACPI: Added _OSI(Linux-HPI-Hybrid-Graphics)
[    0.049581] ACPI: Executed 1 blocks of module-level executable AML code
[    0.053611] ACPI: Interpreter enabled
[    0.055258] ACPI: (supports S0 S5)
[    0.055697] ACPI: Using IOAPIC for interrupt routing
[    0.056217] PCI: Using host bridge windows from ACPI; if necessary, use "pci=nocrs" and report a bug
[    0.057410] ACPI: Enabled 2 GPEs in block 00 to 07
[    0.062462] ACPI: PCI Root Bridge [PCI0] (domain 0000 [bus 00-ff])
[    0.063143] acpi PNP0A03:00: _OSC: OS supports [ASPM ClockPM Segments MSI]
[    0.063881] acpi PNP0A03:00: _OSC: not requesting OS control; OS requires [ExtendedConfig ASPM ClockPM MSI]
[    0.064011] acpi PNP0A03:00: fail to add MMCONFIG information, can't access extended PCI configuration space under this bridge.
[    0.068273] PCI host bridge to bus 0000:00
[    0.068755] pci_bus 0000:00: root bus resource [io  0x0000-0x0cf7 window]
[    0.072008] pci_bus 0000:00: root bus resource [io  0x0d00-0xffff window]
[    0.074654] pci_bus 0000:00: root bus resource [mem 0x000a0000-0x000bffff window]
[    0.076008] pci_bus 0000:00: root bus resource [mem 0x40000000-0xfdffffff window]
[    0.077207] pci_bus 0000:00: root bus resource [bus 00-ff]
[    0.080111] pci 0000:00:01.1: legacy IDE quirk: reg 0x10: [io  0x01f0-0x01f7]
[    0.080959] pci 0000:00:01.1: legacy IDE quirk: reg 0x14: [io  0x03f6]
[    0.081720] pci 0000:00:01.1: legacy IDE quirk: reg 0x18: [io  0x0170-0x0177]
[    0.082986] pci 0000:00:01.1: legacy IDE quirk: reg 0x1c: [io  0x0376]
[    0.096501] pci 0000:00:07.0: quirk: [io  0x4000-0x403f] claimed by PIIX4 ACPI
[    0.098104] pci 0000:00:07.0: quirk: [io  0x4100-0x410f] claimed by PIIX4 SMB
[    0.103067] ACPI: PCI Interrupt Link [LNKA] (IRQs 5 9 10 *11)
[    0.104272] ACPI: PCI Interrupt Link [LNKB] (IRQs 5 9 *10 11)
[    0.105137] ACPI: PCI Interrupt Link [LNKC] (IRQs 5 *9 10 11)
[    0.106028] ACPI: PCI Interrupt Link [LNKD] (IRQs 5 9 10 *11)
[    0.108410] SCSI subsystem initialized
[    0.109043] pci 0000:00:02.0: vgaarb: setting as boot VGA device
[    0.109043] pci 0000:00:02.0: vgaarb: VGA device added: decodes=io+mem,owns=io+mem,locks=none
[    0.109710] pci 0000:00:02.0: vgaarb: bridge control possible
[    0.110371] vgaarb: loaded
[    0.110755] ACPI: bus type USB registered
[    0.112032] usbcore: registered new interface driver usbfs
[    0.112730] usbcore: registered new interface driver hub
[    0.113414] usbcore: registered new device driver usb
[    0.115212] EDAC MC: Ver: 3.0.0
[    0.116181] PCI: Using ACPI for IRQ routing
[    0.120255] NetLabel: Initializing
[    0.120690] NetLabel:  domain hash size = 128
[    0.121211] NetLabel:  protocols = UNLABELED CIPSOv4 CALIPSO
[    0.121894] NetLabel:  unlabeled traffic allowed by default
[    0.124080] clocksource: Switched to clocksource kvm-clock
[    0.133787] VFS: Disk quotas dquot_6.6.0
[    0.137109] VFS: Dquot-cache hash table entries: 512 (order 0, 4096 bytes)
[    0.137923] AppArmor: AppArmor Filesystem Enabled
[    0.138515] pnp: PnP ACPI init
[    0.139665] pnp: PnP ACPI: found 3 devices
[  0.148606] clocksource: acpi_pm: mask: 0xffffff max_cycles: 0xffffff, max_idle_ns: 2085701024 ns
[    0.189636] NET: Registered protocol family 2

[    0.190772] TCP established hash table entries: 8192 (order: 4, 65536 bytes)
[    0.191599] TCP bind hash table entries: 8192 (order: 5, 131072 bytes)
[    0.192397] TCP: Hash taesonfigured (established 8192 bind 8192
   0296002] UDP hash table entries: 512 (order: 2, 16384 bytes)

[    0.356219] UDP-Lite hash table entries: 512 (order: 2, 16384 bytes)
[    0.357020] NET: Registered protocol family 1
[    0.357569] pci 0000:00:00.0: Limiting direct PCI/PCI transfers
[    0.358269] pci 0000:00:01.0: Activating ISA DMA hang workarounds
[    0.359032] pci 0000:00:02.0: Video device with shadowed ROM at [mem 0x000c0000-0x000dffff]
[    0.360215] Unpacking initramfs...
[    0.573211] Freeing initrd memory: 18984K
[    0.589696] clocksource: tsc: mask: 0xffffffffffffffff max_cycles: 0x2e1cdb9536b, max_idle_ns: 440795276996 ns
[    0.591423] platform rtc_cmos: registered platform RTC device (no PNP device found)
[    0.592847] Scanning for low memory corruption every 60 seconds
[    0.594099] Initialise system trusted keyrings
[    0.594700] Key type blacklist registered
[    0.595282] workingset: timestamp_bits=36 max_order=18 bucket_order=0
[    0.596769] zbud: loaded
[    0.597537] squashfs: version 4.0 (2009/01/31) Phillip Lougher
[    0.598316] fuse init (API version 7.26)
[    0.600498] Key type asymmetric registered
[    0.601013] Asymmetric key parser 'x509' registered
[    0.601596] Block layer SCSI generic (bsg) driver version 0.4 loaded (major 246)
[    0.602498] io scheduler noop registered
[    0.602978] io scheduler deadline registered
[    0.603499] io scheduler cfq registered (default)
[    0.604263] ACPI: AC Adapter [AC] (on-line)
[    0.604771] input: Power Button as /devices/LNXSYSTM:00/LNXPWRBN:00/input/input0
[    0.610537] ACPI: Power Button [PWRF]
[    0.611044] input: Sleep Button as /devices/LNXSYSTM:00/LNXSLPBN:00/input/input1
[    0.611920] ACPI: Sleep Button [SLPF]
[    0.612676] Serial: 8250/16550 driver, 32 ports, IRQ sharing enabled
[    0.635100] 00:02: ttyS0 at I/O 0x3f8 (irq = 4, base_baud = 115200) is a 16550A
[    0.647626] Linux agpgart interface v0.103
[    0.649185] loop: module loaded
[    0.650097] scsi host0: ata_piix
[    0.650763] scsi host1: ata_piix
[    0.651275] ata1: PATA max UDMA/33 cmd 0x1f0 ctl 0x3f6 bmdma 0xd000 irq 14
[    0.655983] ata2: PATA max UDMA/33 cmd 0x170 ctl 0x376 bmdma 0xd008 irq 15
[    0.706225] libphy: Fixed MDIO Bus: probed
[    0.706828] tun: Universal TUN/TAP device driver, 1.6
[    0.707495] PPP generic driver version 2.4.2
[    0.708067] ehci_hcd: USB 2.0 'Enhanced' Host Controller (EHCI) Driver
[    0.708890] ehci-pci: EHCI PCI platform driver
[    0.709440] ehci-platform: EHCI generic platform driver
[    0.710042] ohci_hcd: USB 1.1 'Open' Host Controller (OHCI) Driver
[    0.710754] ohci-pci: OHCI PCI platform driver
[    0.711277] ohci-platform: OHCI generic platform driver
[    0.711875] uhci_hcd: USB Universal Host Controller Interface driver
[    0.712640] i8042: PNP: PS/2 Controller [PNP0303:PS2K,PNP0f03:PS2M] at 0x60,0x64 irq 1,12
[    0.716070] serio: i8042 KBD port at 0x60,0x64 irq 1
[    0.717043] serio: i8042 AUX port at 0x60,0x64 irq 12
[    0.717695] mousedev: PS/2 mouse device common for all mice
[    0.718527] input: AT Translated Set 2 keyboard as /devices/platform/i8042/serio0/input/input2
[    0.719765] rtc_cmos rtc_cmos: rtc core: registered rtc_cmos as rtc0
[    0.760506] rtc_cmos rtc_cmos: alarms up to one day, 114 bytes nvram
[    0.761299] i2c /dev entries driver
[    0.761753] pcie_mp2_amd: AMD(R) PCI-E MP2 Communication Driver Version: 1.0
[    0.762636] device-mapper: uevent: version 1.0.3
[    0.763316] device-mapper: ioctl: 4.37.0-ioctl (2017-09-20) initialised: dm-devel@redhat.com
[    0.764300] ledtrig-cpu: registered to indicate activity on CPUs
[    0.765346] NET: Registered protocol family 10
[    0.768764] Segment Routing with IPv6
[    0.769250] NET: Registered protocol family 17
[    0.769811] Key type dns_resolver registered
[    0.770430] RAS: Correctable Errors collector initialized.
[    0.771076] sched_clock: Marking stable (770372559, 0)->(1208778120, -438405561)
[    0.772194] registered taskstats version 1
[    0.772701] Loading compiled-in X.509 certificates
[    0.775654] Loaded X.509 cert 'Build time autogenerated kernel key: 0d5cb4b7de8533fd8e7240d711ae9d354ea3dca1'
[    0.776939] zswap: loaded using pool lzo/zbud
[    0.781607] Key type big_key registered
[    0.782116] Key type trusted registered
[    0.783961] Key type encrypted registered
[    0.784515] AppArmor: AppArmor sha1 policy hashing enabled
[    0.785205] ima: No TPM chip found, activating TPM-bypass! (rc=-19)
[    0.825966] ima: Allocated hash algorithm: sha1
[    0.826531] evm: HMAC attrs: 0x1
[    0.827136]   Magic number: 3:553:334
[    0.827625] tty tty55: hash matches
[    0.828134] rtc_cmos rtc_cmos: setting system clock to 2019-05-24 14:18:30 UTC (1558707510)
[    0.829212] BIOS EDD facility v0.16 2004-Jun-25, 0 devices found
[    0.829855] EDD information not available.
[    0.870432] Freeing unused kernel image memory: 2412K
[    0.936056] Write protecting the kernel read-only data: 20480k
[    1.006720] Freeing unused kernel image memory: 2008K
[    1.007807] Freeing unused kernel image memory: 1868K
[    1.021694] x86/mm: Checked W+X mappings: passed, no W+X pages found.
[    1.117193] x86/mm: Checking user space page tables
[    1.123835] x86/mm: Checked W+X mappings: passed, no W+X pages found.
Loading, please wait...
starting version 237
[    1.182552] Fusion MPT base driver 3.04.20
[    1.189296] Copyright (c) 1999-2008 LSI Corporation
[    1.201415] e1000: Intel(R) PRO/1000 Network Driver - version 7.3.21-k8-NAPI
[    1.256912] e1000: Copyright (c) 1999-2006 Intel Corporation.
[    1.260740] AVX2 version of gcm_enc/dec engaged.
[    1.264592] AES CTR mode by8 optimization enabled
[    1.279274] Fusion MPT SPI Host driver 3.04.20
[    1.397794] input: ImExPS/2 Generic Explorer Mouse as /devices/platform/i8042/serio1/input/input4
[    1.633210] e1000 0000:00:03.0 eth0: (PCI:33MHz:32-bit) 02:74:f0:c0:9d:60
[    1.637373] e1000 0000:00:03.0 eth0: Intel(R) PRO/1000 Network Connection
[    1.639067] mptbase: ioc0: Initiating bringup
[    1.639458] e1000 0000:00:03.0 enp0s3: renamed from eth0
[    2.390180] ioc0: LSI53C1030 A0: Capabilities={Initiator}
[    3.559066] scsi host2: ioc0: LSI53C1030 A0, FwRev=00000000h, Ports=1, MaxQ=256, IRQ=20
[    3.990734] scsi 2:0:0:0: Direct-Access     VBOX     HARDDISK         1.0  PQ: 0 ANSI: 5
[    4.020056] scsi target2:0:0: Beginning Domain Validation
[    4.022358] scsi target2:0:0: Domain Validation skipping write tests
[    4.023434] scsi target2:0:0: Ending Domain Validation
[    4.056085] scsi target2:0:0: asynchronous
[    4.057299] scsi 2:0:1:0: Direct-Access     VBOX     HARDDISK         1.0  PQ: 0 ANSI: 5
[    4.096110] scsi target2:0:1: Beginning Domain Validation
[    4.098547] scsi target2:0:1: Domain Validation skipping write tests
[    4.098549] random: fast init done
[    4.126163] scsi target2:0:1: Ending Domain Validation
[    4.127130] scsi target2:0:1: asynchronous
[    4.130473] random: systemd-udevd: uninitialized urandom read (16 bytes read)
[    4.156402] sd 2:0:0:0: Attached scsi generic sg0 type 0
[    4.156535] sd 2:0:0:0: [sda] 20971520 512-byte logical blocks: (10.7 GB/10.0 GiB)
[    4.156565] sd 2:0:0:0: [sda] Write Protect is off
[    4.156621] sd 2:0:0:0: [sda] Incomplete mode parameter data
[    4.156622] sd 2:0:0:0: [sda] Assuming drive cache: write through
[    4.166603] random: systemd-udevd: uninitialized urandom read (16 bytes read)
[    4.166635] random: systemd-udevd: uninitialized urandom read (16 bytes read)
[    4.166930]  sda: sda1
[    4.167268] sd 2:0:0:0: [sda] Attached SCSI disk
[    4.171076] sd 2:0:1:0: Attached scsi generic sg1 type 0
[    4.171161] sd 2:0:1:0: [sdb] 20480 512-byte logical blocks: (10.5 MB/10.0 MiB)
[    4.171192] sd 2:0:1:0: [sdb] Write Protect is off
[    4.171261] sd 2:0:1:0: [sdb] Incomplete mode parameter data
[    4.171262] sd 2:0:1:0: [sdb] Assuming drive cache: write through
[    4.172506] sd 2:0:1:0: [sdb] Attached SCSI disk
Begin: Loading essential drivers ... [    5.568195] raid6: sse2x1   gen() 11366 MB/s
[    5.625616] raid6: sse2x1   xor() 10430 MB/s
[    5.675607] raid6: sse2x2   gen() 15616 MB/s
[    5.740680] raid6: sse2x2   xor()  9438 MB/s
[    5.792545] raid6: sse2x4   gen() 16915 MB/s
[    5.845570] raid6: sse2x4   xor() 11383 MB/s
[    5.980375] raid6: avx2x1   gen() 18003 MB/s
[    6.028311] raid6: avx2x1   xor() 16058 MB/s
[    6.076820] raid6: avx2x2   gen() 25686 MB/s
[    6.145583] raid6: avx2x2   xor() 15498 MB/s
[    6.192240] raid6: avx2x4   gen() 27589 MB/s
[    6.240124] raid6: avx2x4   xor() 18757 MB/s
[    6.240853] raid6: using algorithm avx2x4 gen() 27589 MB/s
[    6.241697] raid6: .... xor() 18757 MB/s, rmw enabled
[    6.244683] raid6: using avx2x2 recovery algorithm
[    6.246408] xor: automatically using best checksumming function   avx       
[    6.249004] async_tx: api initialized (async)
done.
Begin: Running /scripts/init-premount ... done.
Begin: Mounting root file system ... Begin: Running /scripts/local-top ... done.
Begin: Running /scripts/local-premount ... [    6.292611] Btrfs loaded, crc32c=crc32c-intel
Scanning for Btrfs filesystems
done.
Warning: fsck not present, so skipping root file system
[    6.316788] EXT4-fs (sda1): mounted filesystem with ordered data mode. Opts: (null)
done.
Begin: Running /scripts/local-bottom ... done.
Begin: Running /scripts/init-bottom ... done.
[    6.493066] ip_tables: (C) 2000-2006 Netfilter Core Team
[    6.500040] systemd[1]: systemd 237 running in system mode. (+PAM +AUDIT +SELINUX +IMA +APPARMOR +SMACK +SYSVINIT +UTMP +LIBCRYPTSETUP +GCRYPT +GNUTLS +ACL +XZ +LZ4 +SECCOMP +BLKID +ELFUTILS +KMOD -IDN2 +IDN -PCRE2 default-hierarchy=hybrid)
[    6.502724] systemd[1]: Detected virtualization oracle.
[    6.503414] systemd[1]: Detected architecture x86-64.

Welcome to [1mUbuntu 18.04.2 LTS[0m!

[    6.509615] systemd[1]: Set hostname to <ubuntu>.
[    6.512574] systemd[1]: Initializing machine ID from random generator.
[    6.516401] systemd[1]: Installed transient /etc/machine-id file.
[    6.716897] systemd[1]: Created slice User and Session Slice.
[[0;32m  OK  [0m] Created slice User and Session Slice.
[    6.731826] systemd[1]: Set up automount Arbitrary Executable File Formats File System Automount Point.
[[0;32m  OK  [0m] Set up automount Arbitrary Executabâ€¦rmats File System Automount Point.
[    6.757788] systemd[1]: Started Forward Password Requests to Wall Directory Watch.
[[0;32m  OK  [0m] Started Forward Password Requests to Wall Directory Watch.
[    6.759768] systemd[1]: Reached target System Time Synchronized.
[[0;32m  OK  [0m] Reached target System Time Synchronized.
[[0;32m  OK  [0m] Reached target User and Group Name Lookups.
[[0;32m  OK  [0m] Created slice System Slice.
[[0;32m  OK  [0m] Listening on Journal Audit Socket.
[[0;32m  OK  [0m] Listening on udev Control Socket.
[[0;32m  OK  [0m] Listening on Syslog Socket.
[[0;32m  OK  [0m] Reached target Slices.
[[0;32m  OK  [0m] Listening on udev Kernel Socket.
[[0;32m  OK  [0m] Listening on Journal Socket.
         Starting Set the console keyboard layout...
         Mounting Huge Pages File System...
         Starting Remount Root and Kernel File Systems...
         Starting udev Coldplug all Devices...
         Mounting Kernel Debug File System...
         Starting Load Kernel Modules...
         Mounting POSIX Message Queue File System...
         Starting Create list of required stâ€¦ce nodes for the current kernel...
[[0;32m  OK  [0m] Created slice system-serial\x2dgetty.slice.
[[0;32m  OK  [0m] Listening on /dev/initctl Compatibility Named Pipe.
[[0;32m  OK  [0m] Reached target Swap.
         Starting Uncomplicated firewall...
[[0;32m  OK  [0m] Listening on Network Service Netlink Socket.
[[0;32m  OK  [0m] Listening on LVM2 metadata daemon socket.
[[0;32m  OK  [0m] Listening on LVM2 poll daemon socket.
[[0;32m  OK  [0m] Listening on Device-mapper event daemon FIFOs.
         Starting Monitoring of LVM2 mirrorsâ€¦ng dmeventd or progress polling...
[[0;32m  OK  [0m] Listening on Journal Socket (/dev/log).
         Starting Journal Servic[    6.839838] Loading iSCSI transport class v2.0-870.
e...
[[0;32m  OK  [0m] Started Create list of required staâ€¦vice nodes for the current kernel.
         Starting Create Static Device Nodes in /dev...
[[0;32m  OK  [0m] Started Uncomplicated firewall.
[[0;32m  OK  [0m] Started udev Coldplug all Devices.
[[0;32m  OK  [[    6.917719] iscsi: registered transport (tcp)
0m] Started Journal Service.
[[0;32m  OK  [0m] Started Create Static Device Nodes in /dev.
[    6.958454] iscsi: registered transport (iser)
[[0;32m  OK  [0m] Started Load Kernel Modules.
         Mounting Kernel Configuration File System...
         Starting Apply Kernel Variables...
         Mounting FUSE Control File System...
[[0;32m  OK  [0m] Started Apply Kernel Variables.
[[0;32m  OK  [0m] Mounted Huge Pages File System.
[[0;32m  OK  [0m] Started Remount Root and Kernel File Systems.
[[0;32m  OK  [0m] Mounted Kernel Debug File System.
[[0;32m  OK  [0m] Mounted POSIX Message Queue File System.
[[0;32m  OK  [0m] Mounted Kernel Configuration File System.
[[0;32m  OK  [0m] Mounted FUSE Control File System.
         Starting Load/Save Random Seed...
         Starting udev Kernel Device Manager...
         Starting Flush Journal to Persistent Storage...
[[0;32m  OK  [0m] Started LVM2 metadata daemon.
[[0;32m  OK  [0m] Started udev Kernel Device Manager.
[[0;32m  OK  [0m] Started Load/Save Random Seed.
[[0;32m  OK  [0m] Started Monitoring of LVM2 mirrors,â€¦sing dmeventd or progress polling.
[[0;32m  OK  [0m] Started Set the console keyboard layout.
[[0;32m  OK  [0m] Reached target Local File Systems (Pre).
[[0;32m  OK  [0m] Reached target Local File Systems.
         Starting AppArmor initialization...
         Starting Tell Plymouth To Write Out Runtime Data...
         Starting Set console font and keymap...
         Starting Commit a transient machine-id on disk...
         Starting ebtables ruleset management...
[[0;32m  OK  [0m] Started Dispatch Password Requests to Console Directory Watch.
[[0;32m  OK  [0m] Reached target Local Encrypted Volumes.
[[0;32m  OK  [0m] Started Set console font and keymap.
[[0;32m  OK  [0m] Started Flush Journal to Persistent Storage.
         Starting Create Volatile Files and Directories...
[[0;32m  OK  [0m] Started Tell Plymouth To Write Out Runtime Data.
[[0;32m  OK  [0m] Started Create Volatile Files and Directories.
         Starting Update UTMP about System Boot/Shutdown...
[[0;32m  OK  [0m] Started Update UTMP about System Boot/Shutdown.
[[0;32m  OK  [0m] Started Commit a transient machine-id on disk.
[[0;32m  OK  [0m] Started ebtables ruleset management.
[[0;32m  OK  [0m] Found device /dev/ttyS0.
[[0;32m  OK  [0m] Listening on Load/Save RF Kill Switch Status /dev/rfkill Watch.
[[0;32m  OK  [0m] Started AppArmor initialization.
         Starting Initial cloud-init job (pre-networking)...
[    8.866244] cloud-init[535]: Cloud-init v. 18.5-45-g3554ffe8-0ubuntu1~18.04.1 running 'init-local' at Fri, 24 May 2019 14:18:38 +0000. Up 8.60 seconds.
[[0;32m  OK  [0m] Started Initial cloud-init job (pre-networking).
[[0;32m  OK  [0m] Reached target Network (Pre).
         Starting Network Service...
[[0;32m  OK  [0m] Started Network Service.
         Starting Network Name Resolution...
         Starting Wait for Network to be Configured...
[[0;32m  OK  [0m] Started Network Name Resolution.
[[0;32m  OK  [0m] Reached target Network.
[[0;32m  OK  [0m] Reached target Host and Network Name Lookups.
[[0;32m  OK  [0m] Started Wait for Network to be Configured.
         Starting Initial cloud-init job (metadata service crawler)...
[   10.455124] cloud-init[654]: Cloud-init v. 18.5-45-g3554ffe8-0ubuntu1~18.04.1 running 'init' at Fri, 24 May 2019 14:18:40 +0000. Up 10.34 seconds.
[   10.504210] cloud-init[654]: ci-info: ++++++++++++++++++++++++++++++++++++++Net device info++++++++++++++++++++++++++++++++++++++
[   10.546799] cloud-init[654]: ci-info: +--------+------+----------------------------+---------------+--------+-------------------+
[   10.566147] cloud-init[654]: ci-info: | Device |  Up  |          Address           |      Mask     | Scope  |     Hw-Address    |
[   10.567782] cloud-init[654]: ci-info: +--------+------+----------------------------+---------------+--------+-------------------+
[   10.570170] cloud-init[654]: ci-info: | enp0s3 | True |         10.0.2.15          | 255.255.255.0 | global | 02:74:f0:c0:9d:60 |
[   10.572351] cloud-init[654]: ci-info: | enp0s3 | True | fe80::74:f0ff:fec0:9d60/64 |       .       |  link  | 02:74:f0:c0:9d:60 |
[   10.573481] cloud-init[654]: ci-info: |   lo   | True |         127.0.0.1          |   255.0.0.0   |  host  |         .         |
[   10.574504] cloud-init[654]: ci-info: |   lo   | True |          ::1/128           |       .       |  host  |         .         |
[   10.575508] cloud-init[654]: ci-info: +--------+------+----------------------------+---------------+--------+-------------------+
[   10.576549] cloud-init[654]: ci-info: ++++++++++++++++++++++++++++Route IPv4 info+++++++++++++++++++++++++++++
[   10.577421] cloud-init[654]: ci-info: +-------+-------------+----------+-----------------+-----------+-------+
[   10.578383] cloud-init[654]: ci-info: | Route | Destination | Gateway  |     Genmask     | Interface | Flags |
[   10.607071] cloud-init[654]: ci-info: +-------+-------------+----------+-----------------+-----------+-------+
[   10.608228] cloud-init[654]: ci-info: |   0   |   0.0.0.0   | 10.0.2.2 |     0.0.0.0     |   enp0s3  |   UG  |
[   10.609760] cloud-init[654]: ci-info: |   1   |   10.0.2.0  | 0.0.0.0  |  255.255.255.0  |   enp0s3  |   U   |
[   10.611271] cloud-init[654]: ci-info: |   2   |   10.0.2.2  | 0.0.0.0  | 255.255.255.255 |   enp0s3  |   UH  |
[   10.612810] cloud-init[654]: ci-info: +-------+-------------+----------+-----------------+-----------+-------+
[   10.614290] cloud-init[654]: ci-info: +++++++++++++++++++Route IPv6 info+++++++++++++++++++
[   10.615559] cloud-init[654]: ci-info: +-------+-------------+---------+-----------+-------+
[   10.616323] cloud-init[654]: ci-info: | Route | Destination | Gateway | Interface | Flags |
[   10.617098] cloud-init[654]: ci-info: +-------+-------------+---------+-----------+-------+
[   10.617790] cloud-init[654]: ci-info: |   1   |  fe80::/64  |    ::   |   enp0s3  |   U   |
[   10.618507] cloud-init[654]: ci-info: |   3   |    local    |    ::   |   enp0s3  |   U   |
[   10.619229] cloud-init[654]: ci-info: |   4   |   ff00::/8  |    ::   |   enp0s3  |   U   |
[   10.619925] cloud-init[654]: ci-info: +-------+-------------+---------+-----------+-------+
[   11.238434] cloud-init[654]: Generating public/private rsa key pair.
[   11.239399] cloud-init[654]: Your identification has been saved in /etc/ssh/ssh_host_rsa_key.
[   11.240437] cloud-init[654]: Your public key has been saved in /etc/ssh/ssh_host_rsa_key.pub.
[   11.241527] cloud-init[654]: The key fingerprint is:
[   11.242173] cloud-init[654]: SHA256:2MHaq6NLTvV8p5mA+t+lyrYvzz32RfINIsKMHXeF/hQ root@ubuntu-bionic
[   11.243325] cloud-init[654]: The key's randomart image is:
[   11.244078] cloud-init[654]: +---[RSA 2048]----+
[   11.244680] cloud-init[654]: |             ..  |
[   11.245290] cloud-init[654]: |       .    ..E  |
[   11.248640] cloud-init[654]: |        + ...  . |
[   11.249281] cloud-init[654]: |       X + .. .  |
[   11.249860] cloud-init[654]: |      = S . .oo .|
[   11.267068] cloud-init[654]: |     . + o . ..=.|
[   11.286070] cloud-init[654]: |    o . = . o   +|
[   11.286715] cloud-init[654]: |   + ..oo= Oo  . |
[   11.287281] cloud-init[654]: |    =+o+=*X..o.  |
[   11.287821] cloud-init[654]: +----[SHA256]-----+
[   11.292402] cloud-init[654]: Generating public/private dsa key pair.
[[0;32m  OK  [0m] Started Initial cloud-init job (metadata service crawler).
[   11.300306] cloud-init[654]: Your identification has been saved in /etc/ssh/ssh_host_dsa_key.
[[0;32m  OK  [0m] Reached target System Initialization.
[   11.326795] cloud-init         Starting Socket activation for snappy daemon.
[[0;32m  OK  [0m] Listening on ACPID Listen Socket.
[[0;32m  OK  [0m] Started Daily Cleanup of Temporary Directories.
[[0;32m  OK  [0m] Started Daily apt download activities.
[[0;32m  OK  [0m] Listening on D-Bus System Message Bus Socket.
[[0;32m  OK  [0m] Started Daily apt upgrade and clean activities.
[[0;32m  OK  [0m] Started Discard unused blocks once a week.
[[0;32m  OK  [0m] Started Message of the Day.
[[0;32m  OK  [0m] Listening on UUID daemon activation socket.
[[0;32m  OK  [0m] Reached target Timers.
[[0;32m  OK  [0m] Listening on Open-iSCSI iscsid Socket.
[[0;32m  OK  [0m] Started ACPI Events Check.
[[0;32m  OK  [0m] Reached target Paths.
         Starting LXD - unix socket.
[[0;32m  OK  [0m] Reached target Network is Online.
[[0;32m  OK  [0m] Reached target Remote File Systems (Pre).
[[0;32m  OK  [0m] Reached target Remote File Systems.
[654]: Your public key has been saved in /etc/ssh/ssh_host_dsa_key.pub.         Starting Availability of block devices...
[[0;32m  OK  [0m] Reached target Cloud-config availability.
[[0;32m  OK  [0m] Listening on Socket activation for snappy daemon.

[   11.340900] cloud-init[654]: The key fingerprint is:
[   11.342825] [[0;32m  OK  [0m] Listening on LXD - unix socket.
[[0;32m  OK  [0m] Reached target Sockets.
[[0;32m  OK  [0m] Reached target Basic System.
cloud-init[[0;32m  OK  [0m] Started D-Bus System Message Bus.
[654]: SHA256:NKnzcjS5otnemshZt1SUwuwE2SA/UNF1hKJxgmY5ugA root@ubuntu-bionic
[   11.356792] cloud-init[654]: The key's randomart image is:
[   11.358188] cloud-init[654]: +---[DSA 1024]----+
[   11.360465] cloud-init[654]: |    o+=* ..oo    |[[0;32m  OK  [0m] Started Deferred execution scheduler.
         Starting System Logging Service...

[   11.362660] cloud-init[654]: |E   *+++=..o     |
[   11.363370] cloud-init[654]: |.  + .o=O.o      |
[   11.364070] cloud-init[654]: |. .   .* =       |
[   11.364848] cloud-init[654]: | . .  o S .      |
[   11.365562] cloud-init[654]: |  .    + +       |
[   11.366253] cloud-init[654]: |      + *        |
[   11.366946] cloud-init[654]: |   . B O .       |
[   11.369286] cloud-init[654]: |    *.=.o        |
[   11.370061] cloud-init[654]: +----[SHA256]-----+
[   11.370734] cloud-init[654]: Generating public/private ecdsa key pair.
[   11.371579] cloud-init[654]: Your identification has been saved in /etc/ssh/ssh_host_ecdsa_key.
[   11.372579] cloud-init[654]: Your public key has been saved in /etc/ssh/ssh_host_ecdsa_key.pub.
[   11.373588] cloud-init[654]: The key fingerprint is:
[   11.374281] cloud-init[654]: SHA256:yA+A1vq3OdccegPX0zy+D0H6T4UN9YJw8sOjczYZAkA root@ubuntu-bionic
[   11.375268] cloud-init[654]: The key's randomart image is:
[   11.376021] cloud-init[654]: +---[ECDSA 256]---+
[   11.376723] cloud-init[654]: |     .E.. o .   .|
[   11.377403] cloud-init[654]: |   o     . * . ..|
[   11.378179]          Starting Snappy daemon...
cloud-init[654]: |  o o     . B + .|
[[0;32m  OK  [0m] Started irqbalance daemon.
[   11.380334]          Starting Dispatcher daemon for systemd-networkd...
         Starting Permit User Sessions...
         Starting LSB: automatic crash report generation...
         Starting Accounts Service...
         Starting LSB: Record successful boot for GRUB...
cloud-init[654]: | . . o .   o B = |
[   11.385161] cloud-init[654]: |  .   + S o.*oo o|
[   11.385876] cloud-init[654]: |   .   o. o+oo+..|
[   11.386553] cloud-init         Starting Virtualbox guest utils...
         Starting Login Service...
[654]: |    . . .* . oo..|
[   11.392156] cloud-init[654]: |     ..oo =   .+ |
[   11.392972] cloud-init[654]: |      oo . .  .oo|
[   11.393788] cloud-init[654]: +----[SHA256]-----+
[   11.395538] cloud-init[654]: Generating public/private ed25519 key pair.
[   11.396554] cloud-init[654]: Your identification has been saved in /etc/ssh/ssh_host_ed25519_key.
[   11.397699] cloud-init[654]: Your public key has been saved in /etc/ssh/ssh_host_ed25519_key.pub.
[   11.398889] cloud-init[654]: The key fingerprint is:
[   11.399649] cloud-init[654]: SHA256:fQw1TtZZ7eZ3Ry3+czpG8cjh8yK8RXH225X4IFfjspw root@ubuntu-bionic
[   11.401015] cloud-init[654]: The key's randomart image is:
[   11.401807] cloud-init[654]: +--[ED25519 256]--+
[   11.402543] cloud-init[654]: |            =. oo|
[   11.403271] cloud-init[654]: |           = .o .|
[   11.404371] cloud-init[654]: |          . . .++|
[   11.405114] cloud-init[654]: |         . o  B+O|
[   11.406361] cloud-init[654]: |        S ..oO.%o|
[   11.409831] cloud-init[654]: |           .+.& X|
[[0;32m  OK  [0m] Started Regular background program processing daemon.
[   11.440798] cloud-init[654]: |           . E.*=|
[[0;32m  OK  [0m] Started FUSE filesystem for LXC.
[   11.444836] cloud-init[654]: |            o.+.+|
[   11.445390] cloud-init[654]: |            .+.+o|
[   11.446017] cloud-init[654]: +----[SHA256]-----+
         Starting Pollinate to seed the pseudo random number generator...
         Starting LXD - container startup/shutdown...
[[0;32m  OK  [0m] Started System Logging Service.
[[0;32m  OK  [0m] Started Availability of block devices.
[[0;32m  OK  [0m] Started Permit User Sessions.
[[0;32m  OK  [0m] Started Login Service.
         Starting Authorization Manager...
[[0;32m  OK  [0m] Started Unattended Upgrades Shutdown.
         Starting Terminate Plymouth Boot Screen...
         Starting Hold until boot process finishes up...
[[0;32m  OK  [0m] Started Terminate Plymouth Boot Screen.
[[0;32m  OK  [0m] Started Hold until boot process finishes up.
         Starting Set console scheme...
[[0;32m  OK  [0m] Started Serial Getty on ttyS0.
[[0;32m  OK  [0m] Started LSB: automatic crash report generation.
[[0;32m  OK  [0m] Started Authorization Manager.
[[0;32m  OK  [0m] Started Accounts Service.
[[0;32m  OK  [0m] Started Dispatcher daemon for systemd-networkd.
[[0;32m  OK  [0m] Started Set console scheme.
[[0;32m  OK  [0m] Started LSB: Record successful boot for GRUB.
[[0;32m  OK  [0m] Created slice system-getty.slice.
[[0;32m  OK  [0m] Started Getty on tty1.
[[0;32m  OK  [0m] Reached target Login Prompts.
[[0;32m  OK  [0m] Started LXD - container startup/shutdown.
[[0;32m  OK  [0m] Started Virtualbox guest utils.
[[0;32m  OK  [0m] Started Snappy daemon.
         Starting Wait until snapd is fully seeded...
[[0;32m  OK  [0m] Started Pollinate to seed the pseudo random number generator.
         Starting OpenBSD Secure Shell server...
[[0;32m  OK  [0m] Started OpenBSD Secure Shell server.
[[0;32m  OK  [0m] Created slice User Slice of vagrant.
         Starting User Manager for UID 1000...
[[0;32m  OK  [0m] Started Session 1 of user vagrant.
[[0;32m  OK  [0m] Started User Manager for UID 1000.
[[0;32m  OK  [0m] Started Wait until snapd is fully seeded.
         Starting Apply the settings specified in cloud-config...
[[0;32m  OK  [0m] Reached target Multi-User System.
[[0;32m  OK  [0m] Reached target Graphical Interface.
         Starting Update UTMP about System Runlevel Changes...
[[0;32m  OK  [0m] Started Update UTMP about System Runlevel Changes.
[   14.084619] cloud-init[1269]: Cloud-init v. 18.5-45-g3554ffe8-0ubuntu1~18.04.1 running 'modules:config' at Fri, 24 May 2019 14:18:43 +0000. Up 13.56 seconds.
[[0;32m  OK  [0m] Started Apply the settings specified in cloud-config.
         Starting Execute cloud user/final scripts...
ci-info: no authorized ssh keys fingerprints found for user ubuntu.
<14>May 24 14:18:44 ec2: 
<14>May 24 14:18:44 ec2: #############################################################
<14>May 24 14:18:44 ec2: -----BEGIN SSH HOST KEY FINGERPRINTS-----
<14>May 24 14:18:44 ec2: 1024 SHA256:NKnzcjS5otnemshZt1SUwuwE2SA/UNF1hKJxgmY5ugA root@ubuntu-bionic (DSA)
<14>May 24 14:18:44 ec2: 256 SHA256:yA+A1vq3OdccegPX0zy+D0H6T4UN9YJw8sOjczYZAkA root@ubuntu-bionic (ECDSA)
<14>May 24 14:18:44 ec2: 256 SHA256:fQw1TtZZ7eZ3Ry3+czpG8cjh8yK8RXH225X4IFfjspw root@ubuntu-bionic (ED25519)
<14>May 24 14:18:44 ec2: 2048 SHA256:2MHaq6NLTvV8p5mA+t+lyrYvzz32RfINIsKMHXeF/hQ root@ubuntu-bionic (RSA)
<14>May 24 14:18:44 ec2: -----END SSH HOST KEY FINGERPRINTS-----
<14>May 24 14:18:44 ec2: #############################################################
-----BEGIN SSH HOST KEY KEYS-----
ecdsa-sha2-nistp256 AAAAE2VjZHNhLXNoYTItbmlzdHAyNTYAAAAIbmlzdHAyNTYAAABBBIRdcB6xik3wT0UkBNCiOSQFd/0KIHGq1kd93aBqJEULJeRe0Ny9JSoglmXeOK1hprpdn0HRetSIl8o8Ll50nSQ= root@ubuntu-bionic
ssh-ed25519 AAAAC3NzaC1lZDI1NTE5AAAAIHRQHLnWUf1aiyiRpg1PjN3DcsDRwK0fSQgiFRGFR4ZN root@ubuntu-bionic
ssh-rsa AAAAB3NzaC1yc2EAAAADAQABAAABAQCyFM6t9GPSeKMjNjA9TQC76qdIFjuzFqNPk7SXgKGOLHF8/Auti+AN/dObOcMmKpfbkJCrN0k1GE5ktqo8iY6Rg4hS4wpZIU7io/H57925t2vS9JimKGMgVuMXOIkVX1XW7sc+0cSSSnTs0yhofHPhNhTnHeM0hFfS6EglRZKwZnRjVYDoqDXd24UrClA74Dz6PzvMyIfZUXVyvp+8Vqt5Bd/4qB5i/srB+QzFWlV6a44Tr4R5C0gerjSDqEHQA7h6INhZorvyn8ImCWNNv6mT3BC21DIuJjOgZ+BQRsiMzk6RaUsm22lOOViLtB7NpbHUQLPI/Y0fsVOsPnog6Zw1 root@ubuntu-bionic
-----END SSH HOST KEY KEYS-----
[   14.670046] cloud-init[1388]: Cloud-init v. 18.5-45-g3554ffe8-0ubuntu1~18.04.1 running 'modules:final' at Fri, 24 May 2019 14:18:44 +0000. Up 14.48 seconds.
[   14.692875] cloud-init[1388]: ci-info: no authorized ssh keys fingerprints found for user ubuntu.
[   14.693703] cloud-init[1388]: Cloud-init v. 18.5-45-g3554ffe8-0ubuntu1~18.04.1 finished at Fri, 24 May 2019 14:18:44 +0000. Datasource DataSourceNoCloud [seed=/dev/sdb][dsmode=net].  Up 14.66 seconds
[[0;32m  OK  [0m] Started Execute cloud user/final scripts.
[[0;32m  OK  [0m] Reached target Cloud-init target.

Ubuntu 18.04.2 LTS ubuntu-bionic ttyS0

ubuntu-bionic login: 